// Jest Snapshot v1, https://goo.gl/fbAQLP

exports[`\`snyk-licenses-report generate <...>\` Shows error when missing --orgPublicId 1`] = `
"Command failed: node ./dist/index.js generate
index.js generate

Generate org licenses & dependencies report in HTML format

Options:
  --version       Show version number                                  [boolean]
  --help          Show help                                            [boolean]
  --orgPublicId   Public id of the organization in Snyk (available on
                  organization settings)                              [required]
  --template      Path to custom Handelbars.js template file (*.hbs)
  --outputFormat  Report format              [choices: \\"html\\"] [default: \\"html\\"]
  --view          How should the data be represented. Defaults to a license
                  based view.
     [choices: \\"org-licenses\\", \\"project-dependencies\\"] [default: \\"org-licenses\\"]
  --project       Project ID to filter the results by. E.g. --project=uuid
                  --project=uuid2                                  [default: []]

Missing required argument: orgPublicId"
`;
