// Jest Snapshot v1, https://goo.gl/fbAQLP

exports[`\`snyk-licenses-report json <...>\` Shows error when missing --orgPublicId 1`] = `
"Command failed: node ./dist/index.js json
index.js json

Generate org licenses & dependencies data in JSON format

Options:
  --version      Show version number                                   [boolean]
  --help         Show help                                             [boolean]
  --orgPublicId                                                       [required]

Missing required argument: orgPublicId"
`;
